 [38;2;255;225;120m ██████╗██╗      █████╗ ██╗    ██╗██╗  ██╗██╗██╗   ██╗███████╗
 [38;2;245;205;90m ██╔════╝██║     ██╔══██╗██║    ██║██║  ██║██║██║   ██║██╔════╝
 [38;2;230;190;65m ██║     ██║     ███████║██║ █╗ ██║███████║██║██║   ██║█████╗
 [38;2;220;180;55m ██║     ██║     ██╔══██║██║███╗██║██╔══██║██║╚██╗ ██╔╝██╔══╝
 [38;2;205;165;40m ╚██████╗███████╗██║  ██║╚███╔███╔╝██║  ██║██║ ╚████╔╝ ███████╗
 [38;2;184;134;11m ╚═════╝╚══════╝╚═╝  ╚═╝ ╚══╝╚══╝ ╚═╝  ╚═╝╚═╝  ╚═══╝  ╚══════╝
 [0m